ELCOT@Lenovo MINGW64 ~ (master)
$ cd desktop
bash: cd: desktop: No such file or directory

ELCOT@Lenovo MINGW64 ~ (master)
$ cd ~/Desktop
bash: cd: /c/Users/ELCOT/Desktop: No such file or directory

ELCOT@Lenovo MINGW64 ~ (master)
$ cd C:\Users\ELCOT\Pictures\Desktop
bash: cd: C:UsersELCOTPicturesDesktop: No such file or directory

ELCOT@Lenovo MINGW64 ~ (master)
$ cd c:

ELCOT@Lenovo MINGW64 /c
$ ls
'$Recycle.Bin'/
'$WINDOWS.~BT'/
'$WinREAgent'/
'Animated Tiger Walking Green Screen Free Full HD 2019 ( No Copyright ).mp4'
 BOOTNXT
 BOOTSECT.BAK
 Boot/
'Documents and Settings'@
 EFI/
 IMG-20200930-WA0040.jpg
 MSOCache/
 OneDriveTemp/
 PerfLogs/
'Program Files'/
'Program Files (x86)'/
 ProgramData/
 Python33/
 Recovery/
'System Volume Information'/
 TURBOC3/
 Tally.ERP9/
 Users/
 Windows/
 animation.jpg.jpg
 bootTel.dat
 bootmgr
 hiberfil.sys
 oraclexe/
 pagefile.sys
 shapes.java
 swapfile.sys
 tiger-lion-cartoon-png-favpng-CssBnhJJHyKpVAvpVwN9PuHaB_t.jpg
'videoplayback (2).mp4'

ELCOT@Lenovo MINGW64 /c
$ cd shapes.java
bash: cd: shapes.java: Not a directory

ELCOT@Lenovo MINGW64 /c
$ cd test

ELCOT@Lenovo MINGW64 /c/test
$ ls
Git.txt

ELCOT@Lenovo MINGW64 /c/test
$ git init
Initialized empty Git repository in C:/test/.git/

ELCOT@Lenovo MINGW64 /c/test (master)
$ git remote add origin gh repo clone VismayaM-2003/sample
usage: git remote add [<options>] <name> <url>

    -f, --fetch           fetch the remote branches
    --tags                import all tags and associated objects when fetching
                          or do not fetch any tag at all (--no-tags)
    -t, --track <branch>  branch(es) to track
    -m, --master <branch> master branch
    --mirror[=(push|fetch)]
                          set up remote as a mirror to push to or fetch from


ELCOT@Lenovo MINGW64 /c/test (master)
$ git remote -v

ELCOT@Lenovo MINGW64 /c/test (master)
$ git add.
git: 'add.' is not a git command. See 'git --help'.

The most similar command is
        add

ELCOT@Lenovo MINGW64 /c/test (master)
$ git add .

ELCOT@Lenovo MINGW64 /c/test (master)
$ git commit -m "First commit"
Author identity unknown

*** Please tell me who you are.

Run

  git config --global user.email "you@example.com"
  git config --global user.name "Your Name"

to set your account's default identity.
Omit --global to set the identity only in this repository.

fatal: unable to auto-detect email address (got 'ELCOT@Lenovo.(none)')

ELCOT@Lenovo MINGW64 /c/test (master)
$ git push origin master
error: src refspec master does not match any
error: failed to push some refs to 'origin'

ELCOT@Lenovo MINGW64 /c/test (master)
$ ^C

ELCOT@Lenovo MINGW64 /c/test (master)
$  git config --global user.email "muruganvichunni@gmail.com"
  git config --global user.name "Vismaya_2003"

ELCOT@Lenovo MINGW64 /c/test (master)
$ git commit -m "First commit"
[master (root-commit) 18186a4] First commit
 1 file changed, 25 insertions(+)
 create mode 100644 Git.txt

ELCOT@Lenovo MINGW64 /c/test (master)
$ git push origin master
fatal: 'origin' does not appear to be a git repository
fatal: Could not read from remote repository.

Please make sure you have the correct access rights
and the repository exists.

ELCOT@Lenovo MINGW64 /c/test (master)
$ git push origin main
error: src refspec main does not match any
error: failed to push some refs to 'origin'

ELCOT@Lenovo MINGW64 /c/test (master)
$ git push
fatal: No configured push destination.
Either specify the URL from the command-line or configure a remote repository using

    git remote add <name> <url>

and then push using the remote name

    git push <name>


ELCOT@Lenovo MINGW64 /c/test (master)
$ git checkout -b master
fatal: a branch named 'master' already exists

ELCOT@Lenovo MINGW64 /c/test (master)
$ git master --set-upstream-to origin/master
git: 'master' is not a git command. See 'git --help'.

The most similar command is
        restore

ELCOT@Lenovo MINGW64 /c/test (master)
$ git branch --set-upstream-to origin/master
fatal: the requested upstream branch 'origin/master' does not exist
hint:
hint: If you are planning on basing your work on an upstream
hint: branch that already exists at the remote, you may need to
hint: run "git fetch" to retrieve it.
hint:
hint: If you are planning to push out a new local branch that
hint: will track its remote counterpart, you may want to use
hint: "git push -u" to set the upstream config as you push.
hint: Disable this message with "git config advice.setUpstreamFailure false"

ELCOT@Lenovo MINGW64 /c/test (master)
$
